// Jest Snapshot v1, https://goo.gl/fbAQLP

exports[`matches snapshot 1`] = `
<div
  className="container"
  data-testid="blog"
>
  <div
    className="justify-content-center row"
  >
    <h2>
      Blog
    </h2>
  </div>
</div>
`;
