// Jest Snapshot v1, https://goo.gl/fbAQLP

exports[`matches snapshot 1`] = `
<div
  data-testid="app"
>
  <nav
    className="navbar navbar-expand-sm navbar-custom fixed-top"
    data-testid="navbar"
  >
    <div
      className="container"
    >
      <h1
        className="navbar-brand"
      />
      <button
        aria-controls="responsive-navbar-nav"
        aria-label="Toggle navigation"
        className="navbar-toggler collapsed"
        onClick={[Function]}
        type="button"
      >
        <svg
          aria-hidden="true"
          className="svg-inline--fa fa-bars "
          data-icon="bars"
          data-prefix="fas"
          focusable="false"
          role="img"
          style={Object {}}
          viewBox="0 0 448 512"
          xmlns="http://www.w3.org/2000/svg"
        >
          <path
            d="M0 96C0 78.33 14.33 64 32 64H416C433.7 64 448 78.33 448 96C448 113.7 433.7 128 416 128H32C14.33 128 0 113.7 0 96zM0 256C0 238.3 14.33 224 32 224H416C433.7 224 448 238.3 448 256C448 273.7 433.7 288 416 288H32C14.33 288 0 273.7 0 256zM416 448H32C14.33 448 0 433.7 0 416C0 398.3 14.33 384 32 384H416C433.7 384 448 398.3 448 416C448 433.7 433.7 448 416 448z"
            fill="currentColor"
            style={Object {}}
          />
        </svg>
      </button>
      <div
        aria-expanded={null}
        className="navbar-collapse collapse"
        id="responsive-navbar-nav"
      >
        <div
          className="me-auto navbar-nav"
          onKeyDown={[Function]}
        />
        <div
          className="navbar-nav"
          onKeyDown={[Function]}
        >
          <a
            className="active nav-link"
            data-rr-ui-event-key="/"
            disabled={false}
            href="/"
            onClick={[Function]}
            style={Object {}}
          >
            Info
          </a>
          <a
            className="nav-link"
            data-rr-ui-event-key="/projects"
            disabled={false}
            href="/projects"
            onClick={[Function]}
            style={null}
          >
            Projects
          </a>
          <a
            className="nav-link"
            data-rr-ui-event-key="/blog"
            disabled={false}
            href="/blog"
            onClick={[Function]}
            style={null}
          >
            Blog
          </a>
        </div>
      </div>
    </div>
  </nav>
  <div
    data-testid="info"
  >
    <h2>
      Info
    </h2>
    <div
      className="container"
      data-testid="info-panel"
    >
      <div
        className="card"
      >
        <div
          className="justify-content-center row row-cols-md-2 row-cols-sm-1 row-cols-1"
        >
          <div
            className="pe-md-0 col-xxl-4 col"
          >
            <img
              className="card-img"
              style={
                Object {
                  "borderRadius": "1rem",
                }
              }
            />
            <div
              className="d-none d-md-flex d-lg-none justify-content-center flex-wrap card-body"
            >
              <a
                className="btn btn-primary"
                disabled={false}
                onClick={[Function]}
                onKeyDown={[Function]}
                rel="noopener noreferrer"
                role="button"
                tabIndex={0}
                target="_blank"
              >
                Resume
              </a>
              <a
                className="btn btn-primary"
                disabled={false}
                href="mailto:undefined"
                onClick={[Function]}
                onKeyDown={[Function]}
                role="button"
                tabIndex={0}
              >
                Email
              </a>
              <a
                className="btn btn-primary"
                disabled={false}
                onClick={[Function]}
                onKeyDown={[Function]}
                rel="noopener noreferrer"
                role="button"
                tabIndex={0}
                target="_blank"
              >
                LinkedIn
              </a>
              <a
                className="btn btn-primary"
                disabled={false}
                onClick={[Function]}
                onKeyDown={[Function]}
                rel="noopener noreferrer"
                role="button"
                tabIndex={0}
                target="_blank"
              >
                GitHub
              </a>
              <a
                className="btn btn-primary"
                disabled={false}
                onClick={[Function]}
                onKeyDown={[Function]}
                rel="noopener noreferrer"
                role="button"
                tabIndex={0}
                target="_blank"
              >
                LeetCode
              </a>
              <a
                className="btn btn-primary"
                disabled={false}
                onClick={[Function]}
                onKeyDown={[Function]}
                rel="noopener noreferrer"
                role="button"
                tabIndex={0}
                target="_blank"
              >
                Codewars
              </a>
            </div>
          </div>
          <div
            className="ps-md-0 col-xxl-8 col"
          >
            <div
              className="card-body"
            >
              <h1
                className="text-center card-title"
              />
              <h3
                className="text-center card-title"
              />
              <div
                className="d-xs-flex d-sm-flex d-md-none d-lg-flex justify-content-center flex-wrap"
              >
                <a
                  className="btn btn-primary"
                  disabled={false}
                  onClick={[Function]}
                  onKeyDown={[Function]}
                  rel="noopener noreferrer"
                  role="button"
                  tabIndex={0}
                  target="_blank"
                >
                  Resume
                </a>
                <a
                  className="btn btn-primary"
                  disabled={false}
                  href="mailto:undefined"
                  onClick={[Function]}
                  onKeyDown={[Function]}
                  role="button"
                  tabIndex={0}
                >
                  Email
                </a>
                <a
                  className="btn btn-primary"
                  disabled={false}
                  onClick={[Function]}
                  onKeyDown={[Function]}
                  rel="noopener noreferrer"
                  role="button"
                  tabIndex={0}
                  target="_blank"
                >
                  LinkedIn
                </a>
                <a
                  className="btn btn-primary"
                  disabled={false}
                  onClick={[Function]}
                  onKeyDown={[Function]}
                  rel="noopener noreferrer"
                  role="button"
                  tabIndex={0}
                  target="_blank"
                >
                  GitHub
                </a>
                <a
                  className="btn btn-primary"
                  disabled={false}
                  onClick={[Function]}
                  onKeyDown={[Function]}
                  rel="noopener noreferrer"
                  role="button"
                  tabIndex={0}
                  target="_blank"
                >
                  LeetCode
                </a>
                <a
                  className="btn btn-primary"
                  disabled={false}
                  onClick={[Function]}
                  onKeyDown={[Function]}
                  rel="noopener noreferrer"
                  role="button"
                  tabIndex={0}
                  target="_blank"
                >
                  Codewars
                </a>
              </div>
              <p
                className="card-text"
              />
            </div>
          </div>
        </div>
      </div>
    </div>
  </div>
</div>
`;
